# serializer version: 1
# name: TestModelFieldsSnapshot.test_all_model_fields_snapshot
  dict({
    'Alert': list([
      'active',
      'condition_type',
      'created_at',
      'id',
      'last_triggered',
      'notes',
      'symbol',
      'threshold',
    ]),
    'AnnualFinancials': list([
      'borrowings',
      'cash_and_bank',
      'cff',
      'cfi',
      'cfo',
      'cwip',
      'depreciation',
      'dividend_amount',
      'employee_cost',
      'eps',
      'equity_capital',
      'fiscal_year_end',
      'interest',
      'inventory',
      'investments',
      'net_block',
      'net_cash_flow',
      'net_income',
      'net_premium_earned',
      'num_shares',
      'operating_profit',
      'other_assets',
      'other_expenses_detail',
      'other_income',
      'other_liabilities',
      'other_mfr_exp',
      'power_and_fuel',
      'price',
      'profit_before_tax',
      'raw_material_cost',
      'receivables',
      'reserves',
      'revenue',
      'selling_and_admin',
      'symbol',
      'tax',
      'total_assets',
      'total_expenses',
    ]),
    'CommodityPrice': list([
      'date',
      'price',
      'symbol',
      'unit',
    ]),
    'ConsensusEstimate': list([
      'current_price',
      'date',
      'earnings_growth',
      'eps_current_year',
      'eps_next_year',
      'forward_eps',
      'forward_pe',
      'num_analysts',
      'recommendation',
      'recommendation_score',
      'symbol',
      'target_high',
      'target_low',
      'target_mean',
      'target_median',
    ]),
    'DailyFlow': list([
      'buy_value',
      'category',
      'date',
      'net_value',
      'sell_value',
    ]),
    'DailyFlowPair': list([
      'date',
      'dii',
      'fii',
    ]),
    'DailyStockData': list([
      'close',
      'date',
      'delivery_pct',
      'delivery_qty',
      'high',
      'low',
      'open',
      'prev_close',
      'symbol',
      'turnover',
      'volume',
    ]),
    'EarningsSurprise': list([
      'eps_actual',
      'eps_estimate',
      'quarter_end',
      'surprise_pct',
      'symbol',
    ]),
    'FMPAnalystGrade': list([
      'date',
      'grading_company',
      'new_grade',
      'previous_grade',
      'symbol',
    ]),
    'FMPDcfValue': list([
      'date',
      'dcf',
      'stock_price',
      'symbol',
    ]),
    'FMPFinancialGrowth': list([
      'asset_growth',
      'book_value_per_share_growth',
      'date',
      'debt_growth',
      'dividends_per_share_growth',
      'ebitda_growth',
      'eps_diluted_growth',
      'eps_growth',
      'free_cash_flow_growth',
      'gross_profit_growth',
      'net_income_growth',
      'net_income_growth_3y',
      'net_income_growth_5y',
      'operating_cash_flow_growth',
      'operating_income_growth',
      'revenue_growth',
      'revenue_growth_10y',
      'revenue_growth_3y',
      'revenue_growth_5y',
      'symbol',
    ]),
    'FMPKeyMetrics': list([
      'asset_turnover',
      'book_value_per_share',
      'cash_per_share',
      'date',
      'debt_to_assets',
      'debt_to_equity',
      'dividend_yield',
      'earnings_yield',
      'enterprise_value',
      'equity_multiplier',
      'ev_to_ebitda',
      'ev_to_free_cash_flow',
      'ev_to_operating_cash_flow',
      'ev_to_sales',
      'free_cash_flow_per_share',
      'free_cash_flow_yield',
      'interest_debt_per_share',
      'market_cap',
      'net_income_per_share',
      'net_profit_margin_dupont',
      'operating_cash_flow_per_share',
      'payout_ratio',
      'pb_ratio',
      'pe_ratio',
      'price_to_sales_ratio',
      'revenue_per_share',
      'roa',
      'roe',
      'roic',
      'shareholders_equity_per_share',
      'symbol',
      'tangible_book_value_per_share',
    ]),
    'FMPPriceTarget': list([
      'analyst_company',
      'analyst_name',
      'price_target',
      'price_when_posted',
      'published_date',
      'symbol',
    ]),
    'FMPTechnicalIndicator': list([
      'date',
      'indicator',
      'symbol',
      'value',
    ]),
    'FactorScore': list([
      'detail',
      'factor',
      'raw_value',
      'score',
    ]),
    'GoldETFNav': list([
      'date',
      'nav',
      'scheme_code',
      'scheme_name',
    ]),
    'InsiderTransaction': list([
      'date',
      'holding_after_pct',
      'holding_before_pct',
      'mode',
      'person_category',
      'person_name',
      'quantity',
      'symbol',
      'transaction_type',
      'value',
    ]),
    'MFAUMSummary': list([
      'debt_aum',
      'debt_net_flow',
      'equity_aum',
      'equity_net_flow',
      'hybrid_aum',
      'hybrid_net_flow',
      'month',
      'other_aum',
      'total_aum',
    ]),
    'MFDailyFlow': list([
      'category',
      'date',
      'gross_purchase',
      'gross_sale',
      'net_investment',
    ]),
    'MFMonthlyFlow': list([
      'aum',
      'category',
      'funds_mobilized',
      'month',
      'net_flow',
      'num_schemes',
      'redemption',
      'sub_category',
    ]),
    'MFSchemeHolding': list([
      'amc',
      'isin',
      'market_value_cr',
      'month',
      'pct_of_nav',
      'quantity',
      'scheme_name',
      'stock_name',
    ]),
    'MacroSnapshot': list([
      'brent_crude',
      'date',
      'gsec_10y',
      'india_vix',
      'usd_inr',
    ]),
    'PortfolioHolding': list([
      'added_at',
      'avg_cost',
      'buy_date',
      'notes',
      'quantity',
      'symbol',
    ]),
    'PromoterPledge': list([
      'encumbered_pct',
      'pledge_pct',
      'quarter_end',
      'symbol',
    ]),
    'QuarterlyResult': list([
      'depreciation',
      'ebitda',
      'eps',
      'eps_diluted',
      'expenses',
      'gross_profit',
      'interest',
      'net_income',
      'net_margin',
      'net_premium_earned',
      'operating_income',
      'operating_margin',
      'other_income',
      'profit_before_tax',
      'quarter_end',
      'revenue',
      'symbol',
      'tax_pct',
    ]),
    'ScreenerRatios': list([
      'cash_conversion_cycle',
      'days_payable',
      'debtor_days',
      'fiscal_year_end',
      'inventory_days',
      'roce_pct',
      'symbol',
      'working_capital_days',
    ]),
    'ShareholdingRecord': list([
      'category',
      'percentage',
      'quarter_end',
      'symbol',
    ]),
    'StockScore': list([
      'company_name',
      'composite_score',
      'factors',
      'industry',
      'rank',
      'symbol',
    ]),
    'StreakInfo': list([
      'category',
      'cumulative_net',
      'days',
      'direction',
      'end_date',
      'start_date',
    ]),
    'ValuationSnapshot': list([
      'avg_volume',
      'beta',
      'book_value_per_share',
      'cash_per_share',
      'current_ratio',
      'date',
      'debt_to_equity',
      'dividend_yield',
      'earnings_growth',
      'earnings_quarterly_growth',
      'enterprise_value',
      'ev_ebitda',
      'ev_revenue',
      'fifty_two_week_high',
      'fifty_two_week_low',
      'float_shares',
      'free_cash_flow',
      'gross_margin',
      'market_cap',
      'net_margin',
      'operating_cash_flow',
      'operating_margin',
      'pb_ratio',
      'pe_forward',
      'pe_trailing',
      'peg_ratio',
      'price',
      'ps_ratio',
      'revenue_growth',
      'revenue_per_share',
      'roa',
      'roe',
      'shares_outstanding',
      'symbol',
      'total_cash',
      'total_debt',
    ]),
  })
# ---
