# serializer version: 1
# name: TestSchemaSnapshot.test_column_names_snapshot
  dict({
    'alert_history': list([
      'alert_id',
      'current_value',
      'id',
      'message',
      'triggered_at',
    ]),
    'alerts': list([
      'active',
      'condition_type',
      'created_at',
      'id',
      'last_triggered',
      'notes',
      'symbol',
      'threshold',
    ]),
    'analytical_snapshot': list([
      'bfsi_book_value_per_share',
      'bfsi_cost_to_income_pct',
      'bfsi_equity_multiplier',
      'bfsi_nim_pct',
      'bfsi_pb_ratio',
      'bfsi_roa_pct',
      'capex_asset_turnover',
      'capex_cwip_to_nb',
      'capex_intensity',
      'capex_phase',
      'composite_factors',
      'composite_score',
      'compute_duration_ms',
      'computed_date',
      'cs_biggest_cost',
      'cs_denominator',
      'cs_depreciation_pct',
      'cs_ebit_pct',
      'cs_employee_pct',
      'cs_fastest_growing_cost',
      'cs_interest_pct',
      'cs_net_margin_pct',
      'cs_raw_material_pct',
      'eq_accruals_3y',
      'eq_cfo_pat_3y',
      'eq_cfo_pat_5y',
      'eq_signal',
      'errors',
      'f_score',
      'f_score_criteria',
      'f_score_max',
      'f_score_signal',
      'fetched_at',
      'id',
      'industry',
      'is_bfsi',
      'is_insurance',
      'm_score',
      'm_score_signal',
      'm_score_variables',
      'perf_1m_excess',
      'perf_1m_stock',
      'perf_1y_excess',
      'perf_1y_stock',
      'perf_3m_excess',
      'perf_3m_stock',
      'perf_6m_excess',
      'perf_6m_stock',
      'perf_outperformer',
      'perf_sector_index',
      'rdcf_3y_cagr',
      'rdcf_5y_cagr',
      'rdcf_assessment',
      'rdcf_base_cf',
      'rdcf_implied_growth',
      'rdcf_implied_margin',
      'rdcf_market_cap',
      'rdcf_model',
      'rdcf_sensitivity',
      'symbol',
    ]),
    'annual_financials': list([
      'borrowings',
      'cash_and_bank',
      'cff',
      'cfi',
      'cfo',
      'cwip',
      'depreciation',
      'dividend_amount',
      'employee_cost',
      'eps',
      'equity_capital',
      'fetched_at',
      'fiscal_year_end',
      'id',
      'interest',
      'inventory',
      'investments',
      'net_block',
      'net_cash_flow',
      'net_income',
      'num_shares',
      'operating_profit',
      'other_assets',
      'other_expenses_detail',
      'other_income',
      'other_liabilities',
      'other_mfr_exp',
      'power_and_fuel',
      'price',
      'profit_before_tax',
      'raw_material_cost',
      'receivables',
      'reserves',
      'revenue',
      'selling_and_admin',
      'symbol',
      'tax',
      'total_assets',
      'total_expenses',
    ]),
    'audit_log': list([
      'changed_at',
      'field',
      'id',
      'key_info',
      'new_value',
      'old_value',
      'symbol',
      'table_name',
    ]),
    'bulk_block_deals': list([
      'buy_sell',
      'client_name',
      'date',
      'deal_type',
      'fetched_at',
      'id',
      'price',
      'quantity',
      'symbol',
    ]),
    'commodity_prices': list([
      'date',
      'fetched_at',
      'id',
      'price',
      'symbol',
      'unit',
    ]),
    'company_documents': list([
      'doc_type',
      'id',
      'period',
      'symbol',
      'updated_at',
      'url',
    ]),
    'company_profiles': list([
      'about_text',
      'key_points_json',
      'screener_url',
      'symbol',
      'updated_at',
    ]),
    'consensus_estimates': list([
      'current_price',
      'date',
      'earnings_growth',
      'eps_current_year',
      'eps_next_year',
      'fetched_at',
      'forward_eps',
      'forward_pe',
      'id',
      'num_analysts',
      'recommendation',
      'recommendation_score',
      'symbol',
      'target_high',
      'target_low',
      'target_mean',
      'target_median',
    ]),
    'corporate_actions': list([
      'action_type',
      'dividend_amount',
      'ex_date',
      'fetched_at',
      'multiplier',
      'ratio_text',
      'source',
      'symbol',
    ]),
    'corporate_filings': list([
      'attachment_name',
      'bse_scrip_code',
      'category',
      'fetched_at',
      'file_size',
      'filing_date',
      'headline',
      'id',
      'local_path',
      'news_id',
      'pdf_flag',
      'subcategory',
      'symbol',
    ]),
    'daily_flows': list([
      'buy_value',
      'category',
      'date',
      'fetched_at',
      'id',
      'net_value',
      'sell_value',
    ]),
    'daily_stock_data': list([
      'close',
      'date',
      'delivery_pct',
      'delivery_qty',
      'fetched_at',
      'high',
      'id',
      'low',
      'open',
      'prev_close',
      'symbol',
      'turnover',
      'volume',
    ]),
    'earnings_surprises': list([
      'eps_actual',
      'eps_estimate',
      'fetched_at',
      'id',
      'quarter_end',
      'surprise_pct',
      'symbol',
    ]),
    'estimate_revisions': list([
      'date',
      'eps_30d_ago',
      'eps_60d_ago',
      'eps_7d_ago',
      'eps_90d_ago',
      'eps_current',
      'fetched_at',
      'momentum_score',
      'momentum_signal',
      'period',
      'revisions_down_30d',
      'revisions_down_7d',
      'revisions_up_30d',
      'revisions_up_7d',
      'symbol',
    ]),
    'financial_schedules': list([
      'fetched_at',
      'id',
      'parent_item',
      'period',
      'section',
      'sub_item',
      'symbol',
      'value',
    ]),
    'fmp_analyst_grades': list([
      'date',
      'fetched_at',
      'grading_company',
      'id',
      'new_grade',
      'previous_grade',
      'symbol',
    ]),
    'fmp_dcf': list([
      'date',
      'dcf',
      'fetched_at',
      'id',
      'stock_price',
      'symbol',
    ]),
    'fmp_financial_growth': list([
      'asset_growth',
      'book_value_per_share_growth',
      'date',
      'debt_growth',
      'dividends_per_share_growth',
      'ebitda_growth',
      'eps_diluted_growth',
      'eps_growth',
      'fetched_at',
      'free_cash_flow_growth',
      'gross_profit_growth',
      'id',
      'net_income_growth',
      'net_income_growth_3y',
      'net_income_growth_5y',
      'operating_cash_flow_growth',
      'operating_income_growth',
      'revenue_growth',
      'revenue_growth_10y',
      'revenue_growth_3y',
      'revenue_growth_5y',
      'symbol',
    ]),
    'fmp_key_metrics': list([
      'asset_turnover',
      'book_value_per_share',
      'cash_per_share',
      'date',
      'debt_to_assets',
      'debt_to_equity',
      'dividend_yield',
      'earnings_yield',
      'enterprise_value',
      'equity_multiplier',
      'ev_to_ebitda',
      'ev_to_free_cash_flow',
      'ev_to_operating_cash_flow',
      'ev_to_sales',
      'fetched_at',
      'free_cash_flow_per_share',
      'free_cash_flow_yield',
      'id',
      'interest_debt_per_share',
      'market_cap',
      'net_income_per_share',
      'net_profit_margin_dupont',
      'operating_cash_flow_per_share',
      'payout_ratio',
      'pb_ratio',
      'pe_ratio',
      'price_to_sales_ratio',
      'revenue_per_share',
      'roa',
      'roe',
      'roic',
      'shareholders_equity_per_share',
      'symbol',
      'tangible_book_value_per_share',
    ]),
    'fmp_price_targets': list([
      'analyst_company',
      'analyst_name',
      'fetched_at',
      'id',
      'price_target',
      'price_when_posted',
      'published_date',
      'symbol',
    ]),
    'fmp_technical_indicators': list([
      'date',
      'fetched_at',
      'id',
      'indicator',
      'symbol',
      'value',
    ]),
    'gold_etf_nav': list([
      'date',
      'fetched_at',
      'id',
      'nav',
      'scheme_code',
      'scheme_name',
    ]),
    'index_constituents': list([
      'company_name',
      'id',
      'index_name',
      'industry',
      'symbol',
      'updated_at',
    ]),
    'insider_transactions': list([
      'date',
      'fetched_at',
      'holding_after_pct',
      'holding_before_pct',
      'id',
      'mode',
      'person_category',
      'person_name',
      'quantity',
      'symbol',
      'transaction_type',
      'value',
    ]),
    'listed_subsidiaries': list([
      'id',
      'notes',
      'parent_ownership_pct',
      'parent_symbol',
      'relationship',
      'sub_name',
      'sub_symbol',
      'updated_at',
    ]),
    'macro_daily': list([
      'brent_crude',
      'date',
      'fetched_at',
      'gsec_10y',
      'id',
      'india_vix',
      'usd_inr',
    ]),
    'mf_aum_summary': list([
      'debt_aum',
      'debt_net_flow',
      'equity_aum',
      'equity_net_flow',
      'fetched_at',
      'hybrid_aum',
      'hybrid_net_flow',
      'id',
      'month',
      'other_aum',
      'total_aum',
    ]),
    'mf_daily_flows': list([
      'category',
      'date',
      'fetched_at',
      'gross_purchase',
      'gross_sale',
      'id',
      'net_investment',
    ]),
    'mf_monthly_flows': list([
      'aum',
      'category',
      'fetched_at',
      'funds_mobilized',
      'id',
      'month',
      'net_flow',
      'num_schemes',
      'redemption',
      'sub_category',
    ]),
    'mf_scheme_holdings': list([
      'amc',
      'fetched_at',
      'id',
      'isin',
      'market_value_cr',
      'month',
      'pct_of_nav',
      'quantity',
      'scheme_name',
      'stock_name',
    ]),
    'peer_comparison': list([
      'cmp',
      'div_yield',
      'fetched_at',
      'id',
      'market_cap',
      'np_qtr',
      'pe',
      'peer_name',
      'peer_symbol',
      'qtr_profit_var',
      'qtr_sales_var',
      'roce',
      'sales_qtr',
      'symbol',
    ]),
    'portfolio_holdings': list([
      'added_at',
      'avg_cost',
      'buy_date',
      'id',
      'notes',
      'quantity',
      'symbol',
    ]),
    'promoter_pledge': list([
      'encumbered_pct',
      'fetched_at',
      'id',
      'pledge_pct',
      'quarter_end',
      'symbol',
    ]),
    'quarterly_balance_sheet': list([
      'cash_and_equivalents',
      'fetched_at',
      'investments',
      'long_term_debt',
      'minority_interest',
      'net_debt',
      'net_ppe',
      'quarter_end',
      'shares_outstanding',
      'source',
      'stockholders_equity',
      'symbol',
      'total_assets',
      'total_debt',
      'total_liabilities',
    ]),
    'quarterly_cash_flow': list([
      'capital_expenditure',
      'change_in_working_capital',
      'depreciation',
      'dividends_paid',
      'fetched_at',
      'financing_cash_flow',
      'free_cash_flow',
      'investing_cash_flow',
      'net_income',
      'operating_cash_flow',
      'quarter_end',
      'source',
      'symbol',
    ]),
    'quarterly_results': list([
      'depreciation',
      'ebitda',
      'eps',
      'eps_diluted',
      'expenses',
      'fetched_at',
      'gross_profit',
      'id',
      'interest',
      'net_income',
      'net_margin',
      'operating_income',
      'operating_margin',
      'other_income',
      'profit_before_tax',
      'quarter_end',
      'revenue',
      'symbol',
      'tax_pct',
    ]),
    'screener_charts': list([
      'chart_type',
      'date',
      'fetched_at',
      'id',
      'metric',
      'symbol',
      'value',
    ]),
    'screener_ids': list([
      'company_id',
      'symbol',
      'updated_at',
      'warehouse_id',
    ]),
    'screener_ratios': list([
      'cash_conversion_cycle',
      'days_payable',
      'debtor_days',
      'fetched_at',
      'fiscal_year_end',
      'id',
      'inventory_days',
      'roce_pct',
      'symbol',
      'working_capital_days',
    ]),
    'sector_benchmarks': list([
      'computed_at',
      'id',
      'metric',
      'peer_count',
      'percentile',
      'sector_max',
      'sector_median',
      'sector_min',
      'sector_p25',
      'sector_p75',
      'subject_symbol',
      'subject_value',
    ]),
    'shareholder_detail': list([
      'classification',
      'fetched_at',
      'holder_name',
      'id',
      'percentage',
      'quarter',
      'symbol',
    ]),
    'shareholding': list([
      'category',
      'fetched_at',
      'id',
      'percentage',
      'quarter_end',
      'symbol',
    ]),
    'valuation_snapshot': list([
      'avg_volume',
      'beta',
      'book_value_per_share',
      'cash_per_share',
      'current_ratio',
      'date',
      'debt_to_equity',
      'dividend_yield',
      'earnings_growth',
      'earnings_quarterly_growth',
      'enterprise_value',
      'ev_ebitda',
      'ev_revenue',
      'fetched_at',
      'fifty_two_week_high',
      'fifty_two_week_low',
      'float_shares',
      'free_cash_flow',
      'gross_margin',
      'id',
      'market_cap',
      'net_margin',
      'operating_cash_flow',
      'operating_margin',
      'pb_ratio',
      'pe_forward',
      'pe_trailing',
      'peg_ratio',
      'price',
      'ps_ratio',
      'revenue_growth',
      'revenue_per_share',
      'roa',
      'roe',
      'shares_outstanding',
      'symbol',
      'total_cash',
      'total_debt',
    ]),
    'watchlist': list([
      'added_at',
      'company_name',
      'id',
      'symbol',
    ]),
  })
# ---
# name: TestSchemaSnapshot.test_table_names_snapshot
  list([
    'alert_history',
    'alerts',
    'analytical_snapshot',
    'annual_financials',
    'audit_log',
    'bulk_block_deals',
    'commodity_prices',
    'company_documents',
    'company_profiles',
    'consensus_estimates',
    'corporate_actions',
    'corporate_filings',
    'daily_flows',
    'daily_stock_data',
    'earnings_surprises',
    'estimate_revisions',
    'financial_schedules',
    'fmp_analyst_grades',
    'fmp_dcf',
    'fmp_financial_growth',
    'fmp_key_metrics',
    'fmp_price_targets',
    'fmp_technical_indicators',
    'gold_etf_nav',
    'index_constituents',
    'insider_transactions',
    'listed_subsidiaries',
    'macro_daily',
    'mf_aum_summary',
    'mf_daily_flows',
    'mf_monthly_flows',
    'mf_scheme_holdings',
    'peer_comparison',
    'portfolio_holdings',
    'promoter_pledge',
    'quarterly_balance_sheet',
    'quarterly_cash_flow',
    'quarterly_results',
    'screener_charts',
    'screener_ids',
    'screener_ratios',
    'sector_benchmarks',
    'shareholder_detail',
    'shareholding',
    'valuation_snapshot',
    'watchlist',
  ])
# ---
